// Jest Snapshot v1, https://goo.gl/fbAQLP

exports[`Login component renders the Login component 1`] = `
<Fragment>
  <div
    className="menu-links"
  >
    <div
      id="menu-links-left"
    >
      <span>
        <a
          href="index.html"
        >
          MY-DIARY
        </a>
      </span>
    </div>
    <div
      className="menu-icon"
    >
      <label
        htmlFor="menu-check"
      >
        <span />
        <span />
        <span />
      </label>
    </div>
    <input
      id="menu-check"
      type="checkbox"
    />
    <div
      className="menu-links-right"
    >
      <a
        href="register"
      >
        Sign Up
      </a>
      <a
        href="login"
      >
        Login
      </a>
    </div>
  </div>
  <div
    id="main"
  >
    <div
      className="centring-div"
    >
      <div
        id="topic"
      >
        <div
          id="logo"
        />
      </div>
    </div>
    <SignUpForm
      register={[MockFunction]}
    />
    <div
      className="centring-div"
    >
      <span
        id="no_account"
      >
        Already have an account ?
      </span>
      <a
        href="login.html"
      >
         Login 
      </a>
    </div>
  </div>
  <script
    src="js/signUp.js"
  />
  <script
    src="js/logout.js"
  />
  <footer>
    <p>
      My-Diary, Copyright Â© 2018 
    </p>
  </footer>
</Fragment>
`;
