// Jest Snapshot v1, https://goo.gl/fbAQLP

exports[`Renders the Landing page should render the landing page 1`] = `
<Fragment>
  <div
    className="menu-links"
  >
    <div
      id="menu-links-left"
    >
      <span>
        <a
          href="/"
        >
          MY-DIARY
        </a>
      </span>
    </div>
    <div
      className="menu-icon"
    >
      <label
        htmlFor="menu-check"
      >
        <span />
        <span />
        <span />
      </label>
    </div>
    <input
      id="menu-check"
      type="checkbox"
    />
    <div
      className="menu-links-right"
    >
      <a
        href="register"
      >
        Sign Up
      </a>
      <a
        href="login"
      >
        Login
      </a>
    </div>
  </div>
  <header
    id="header"
  >
    <div
      className="container"
    >
      <div
        id="topic"
      />
      <h5>
        Pen down your thoughts and feelings
      </h5>
      <button
        className="btn-signup"
      >
        Get Started
      </button>
    </div>
  </header>
  <section
    className="grid"
  >
    <div
      className="container"
    >
      <div
        className="box"
      >
        <img
          alt=""
          src="https://d3c2plo0qyv3hc.cloudfront.net/images/landing/feature-icon__reminder.png"
        />
        <h3>
          Never Forget To Write
        </h3>
        <p>
          Custom email reminders help you make sure you never forget to write
        </p>
      </div>
      <div
        className="box"
      >
        <img
          alt=""
          src="https://d3c2plo0qyv3hc.cloudfront.net/images/landing/feature-icon__mobile.png"
        />
        <h3>
          Write From Anywhere
        </h3>
        <p>
          You can access your diary from anywhere in the world
        </p>
      </div>
      <div
        className="box"
      >
        <img
          alt=""
          src="https://d3c2plo0qyv3hc.cloudfront.net/images/landing/feature-icon__security2.png"
        />
        <h3>
          Security
        </h3>
        <p>
          You can be rest assured that your entries are totaly safe and secured 
        </p>
      </div>
    </div>
  </section>
  <footer>
    <p>
      My-Diary, Copyright Â© 2018
    </p>
  </footer>
</Fragment>
`;
